File list entry: file93.txt of size 15 bytes.
File list entry: file30.txt of size 15 bytes.
File list entry: file74.txt of size 15 bytes.
File list entry: file36.txt of size 15 bytes.
File list entry: file14.txt of size 15 bytes.
File list entry: file10.txt of size 15 bytes.
File list entry: file80.txt of size 15 bytes.
File list entry: file53.txt of size 15 bytes.
File list entry: file35.txt of size 15 bytes.
File list entry: file71.txt of size 15 bytes.
File list entry: file23.txt of size 15 bytes.
File list entry: file45.txt of size 15 bytes.
File list entry: file56.txt of size 15 bytes.
File list entry: file46.txt of size 15 bytes.
File list entry: file59.txt of size 15 bytes.
File list entry: file25.txt of size 15 bytes.
File list entry: file38.txt of size 15 bytes.
File list entry: file26.txt of size 15 bytes.
File list entry: file19.txt of size 15 bytes.
File list entry: file17.txt of size 15 bytes.
File list entry: file81.txt of size 15 bytes.
File list entry: file4.txt of size 14 bytes.
File list entry: file27.txt of size 15 bytes.
File list entry: file68.txt of size 15 bytes.
File list entry: file16.txt of size 15 bytes.
File list entry: file100.txt of size 16 bytes.
File list entry: file97.txt of size 15 bytes.
File list entry: file33.txt of size 15 bytes.
File list entry: file52.txt of size 15 bytes.
File list entry: file72.txt of size 15 bytes.
File list entry: file84.txt of size 15 bytes.
File list entry: file70.txt of size 15 bytes.
File list entry: file66.txt of size 15 bytes.
File list entry: file58.txt of size 15 bytes.
File list entry: file94.txt of size 15 bytes.
File list entry: file28.txt of size 15 bytes.
File list entry: file62.txt of size 15 bytes.
File list entry: file5.txt of size 14 bytes.
File list entry: file95.txt of size 15 bytes.
File list entry: file39.txt of size 15 bytes.
File list entry: file12.txt of size 15 bytes.
File list entry: file89.txt of size 15 bytes.
File list entry: file3.txt of size 14 bytes.
File list entry: file34.txt of size 15 bytes.
File list entry: file83.txt of size 15 bytes.
File list entry: file85.txt of size 15 bytes.
File list entry: file67.txt of size 15 bytes.
File list entry: file61.txt of size 15 bytes.
File list entry: file29.txt of size 15 bytes.
File list entry: file65.txt of size 15 bytes.
File list entry: file63.txt of size 15 bytes.
File list entry: file77.txt of size 15 bytes.
File list entry: file50.txt of size 15 bytes.
File list entry: file48.txt of size 15 bytes.
File list entry: file44.txt of size 15 bytes.
File list entry: file9.txt of size 14 bytes.
File list entry: file22.txt of size 15 bytes.
File list entry: file76.txt of size 15 bytes.
File list entry: file7.txt of size 14 bytes.
File list entry: file32.txt of size 15 bytes.
File list entry: file75.txt of size 15 bytes.
File list entry: file1.txt of size 14 bytes.
File list entry: file37.txt of size 15 bytes.
File list entry: file24.txt of size 15 bytes.
File list entry: file18.txt of size 15 bytes.
File list entry: file86.txt of size 15 bytes.
File list entry: file47.txt of size 15 bytes.
File list entry: file41.txt of size 15 bytes.
File list entry: file91.txt of size 15 bytes.
File list entry: file96.txt of size 15 bytes.
File list entry: file60.txt of size 15 bytes.
File list entry: file98.txt of size 15 bytes.
File list entry: file51.txt of size 15 bytes.
File list entry: file73.txt of size 15 bytes.
File list entry: file11.txt of size 15 bytes.
File list entry: file40.txt of size 15 bytes.
File list entry: file79.txt of size 15 bytes.
File list entry: file21.txt of size 15 bytes.
File list entry: file82.txt of size 15 bytes.
File list entry: file90.txt of size 15 bytes.
File list entry: file78.txt of size 15 bytes.
File list entry: file20.txt of size 15 bytes.
File list entry: file69.txt of size 15 bytes.
File list entry: file99.txt of size 15 bytes.
File list entry: file31.txt of size 15 bytes.
File list entry: file92.txt of size 15 bytes.
File list entry: file42.txt of size 15 bytes.
File list entry: file2.txt of size 14 bytes.
File list entry: file49.txt of size 15 bytes.
File list entry: file55.txt of size 15 bytes.
File list entry: file87.txt of size 15 bytes.
File list entry: file8.txt of size 14 bytes.
File list entry: file6.txt of size 14 bytes.
File list entry: file54.txt of size 15 bytes.
File list entry: file64.txt of size 15 bytes.
File list entry: file13.txt of size 15 bytes.
File list entry: file43.txt of size 15 bytes.
File list entry: file57.txt of size 15 bytes.
File list entry: file88.txt of size 15 bytes.
File list entry: file15.txt of size 15 bytes.
