File list entry: rand0 of size 512 bytes.
File list entry: rand3 of size 2048 bytes.
File list entry: rand1 of size 1024 bytes.
File list entry: rand2 of size 1536 bytes.
File list entry: rand6 of size 3584 bytes.
File list entry: rand4 of size 2560 bytes.
File list entry: rand9 of size 5120 bytes.
File list entry: rand5 of size 3072 bytes.
File list entry: rand8 of size 4608 bytes.
File list entry: rand7 of size 4096 bytes.
File list entry: rand10 of size 5632 bytes.
