File list entry: one_is_the_loneliest_file_that_youll_ever_know of size 26 bytes.
